Munteanu Gabriel
Moldovan Marian
Becali Ioana
Barbu Maria
Mihoc Iulian
Terzea Tiberiu
Merei Larisa
Encea Andrei
Gheorghita Adriana
Roman Razvan
Petre Sorina
Mihoc Larisa
Pancila Izabela
Pogoran Ciprian
Timu Tiberiu
Encea Raluca
Riga Victor
Stan Diana
Becali Bianca
Lupu Elena
Popescu Vlad
Stoica Mihai
Encea Cristina
Elena Denisa
Stan Ioana
Terzea Razvan
Ionescu Gabriel
Ionescu Ioana
Rebej Adriana
Gheorghita Ana
Dumitru Izabela
Popescu Ciprian
Timofte Bianca
Mihoc Ioana
Lupu Dragos
Georgescu Raluca
Mihoc Adriana
Petic Raluca
Rebej Stefan
Ionescu Adriana
Dumitru Adriana
Constantin Tiberiu
Stan Ioana
Stan Adrian
Georgescu Florentina
Roman Nicoleta
Popescu Dragos
Mihalt Larisa
Sandu Gabriel
Constantin Andrei
Constantin Denisa
Iliescu Tiberiu
Ciobanu Teodor
Becali Nicoleta
Ionescu Mihai
Grigore Razvan
Pirvan Sorina
Tudor Sorina
Terzea Marian
Mihalt Cristina
Antonescu Andrei
Mihalt Bianca
Grigore Elena
Ionescu Sorina
Radu Florentina
Tudor Sorina
Pancila Adriana
Tudor Stefan
Georgescu Alina
Dragan Cristina
Iliescu Victor
Stan Bianca
Pancila Dragos
Pirvan Victor
Roman Daniela
Moldovan Bianca
Merei Gabriel
Timu Razvan
Radu Gabriel
Roata Teodor
Iliescu Alina
Petre Daniela
Ciobanu Nicoleta
Petre Izabela
Moldovan Tiberiu
Timu Dragos
Sandu Andrei
Gheorghita Maria
Riga Maria
Sandu Diana
Petrescu Alina
Encea Vlad
Trandaf Ana
Petre Tiberiu
Ionescu Maria
Stoica Teodor
Trandaf Vlad
Grigore Vlad
Nicolescu Ana
Rebej Razvan
